src/components/adelanto/AdelantoModal.tsx(4,33): error TS2306: File 'D:/OneDrive/Documents/PROYECTOS/REACT/FrontEmployeeWeb/employee-control-web/src/services/empleadoService.ts' is not a module.
src/pages/rrhh/Adelantos.tsx(2,41): error TS6133: 'Alert' is declared but its value is never read.
